<html>
<body>
<pre>
<h1>µVision Build Log</h1>
<h2>Project:</h2>
E:\tianmn\transducer_network\transducer_network\transducer_network\transducer_network\transducer_network\TBC\MDK-ARM\Project.uvproj
Project File Date:  03/18/2015

<h2>Output:</h2>
Build target 'ZFWL_V1.0'
compiling teds_table.c...
..\USER\ssnp\teds_table.c(11): warning:  #177-D: variable "i" was declared but never referenced
..\USER\ssnp\teds_table.c(65): warning:  #550-D: variable "test" was set but never used
..\USER\ssnp\teds_table.c(78): warning:  #177-D: variable "i" was declared but never referenced
..\USER\ssnp\teds_table.c(79): warning:  #177-D: variable "arr" was declared but never referenced
..\USER\ssnp\teds_table.c(218): warning:  #177-D: variable "light" was declared but never referenced
..\USER\ssnp\teds_table.c(219): warning:  #177-D: variable "i" was declared but never referenced
..\USER\ssnp\teds_table.c(223): warning: C3017W: ts0 may be used before being set
..\USER\ssnp\teds_table.c(224): warning: C3017W: ts1 may be used before being set
..\USER\ssnp\teds_table.c(225): warning: C3017W: ts2 may be used before being set
linking...
Program Size: Code=29996 RO-data=744 RW-data=292 ZI-data=64412  
FromELF: creating hex file...
".\Obj\Project.axf" - 0 Error(s), 9 Warning(s).
Load "E:\\tianmn\\transducer_network\\transducer_network\\transducer_network\\transducer_network\\transducer_network\\TBC\\MDK-ARM\\Obj\\Project.AXF" 
Set JLink Project File to "E:\tianmn\transducer_network\transducer_network\transducer_network\transducer_network\transducer_network\TBC\MDK-ARM\JLinkSettings.ini"
 
JLink info:
------------
DLL: V4.20p, compiled Nov 19 2010 15:55:07
Firmware: J-Link ARM V8 compiled Nov 19 2010 11:55:23
Hardware: V8.00
S/N : 270676280 
Feature(s) : RDI,FlashDL,FlashBP,JFlash,GDBFULL 
 
* JLink Info: TotalIRLen = 9, IRPrint = 0x0011
* JLink Info: Found Cortex-M3 r1p1, Little endian.
* JLink Info: TPIU fitted.
* JLink Info: ETM fitted.
* JLink Info:   FPUnit: 6 code (BP) slots and 2 literal slots
ROMTableAddr = 0xE00FF003
 
Target info:
------------
Device: STM32F107VC
VTarget = 3.261V
State of Pins: 
TCK: 1, TDI: 0, TDO: 1, TMS: 0, TRES: 1, TRST: 1
Hardware-Breakpoints: 6
Software-Breakpoints: 2048
Watchpoints:          4
JTAG speed: 2000 kHz
 
Erase Done.
Programming Done.
Verify OK.
